// Jest Snapshot v1, https://goo.gl/fbAQLP

exports[`reducerAuthentication UPDATE_AUTH 1`] = `
Object {
  "isAuth": true,
  "session_id": 1,
  "showDropDown": false,
  "showModal": false,
  "user": "name",
}
`;
