// Jest Snapshot v1, https://goo.gl/fbAQLP

exports[`LoginForm initial render 1`] = `"<div class=\\"form-login-container\\"><form class=\\"form-login\\"><h1 class=\\"h3 mb-3 font-weight-normal text-center\\">Авторизация</h1><div class=\\"form-group\\"><label for=\\"username\\">Пользователь</label><input type=\\"text\\" class=\\"form-control\\" id=\\"username\\" placeholder=\\"Пользователь\\" name=\\"username\\" value=\\"\\"/></div><div class=\\"form-group\\"><label for=\\"password\\">Пароль</label><input type=\\"password\\" class=\\"form-control\\" id=\\"password\\" placeholder=\\"Пароль\\" name=\\"password\\" value=\\"\\"/></div><div class=\\"form-group\\"><label for=\\"password\\">Повторите Пароль</label><input type=\\"password\\" class=\\"form-control\\" id=\\"repeatPassword\\" placeholder=\\"Повторите Пароль\\" name=\\"repeatPassword\\" value=\\"\\"/></div><button type=\\"submit\\" class=\\"btn btn-lg btn-primary btn-block\\">Вход</button></form></div>"`;
